// Jest Snapshot v1, https://goo.gl/fbAQLP

exports[`FlyoutTests Flyout 1`] = `
Object {
  "AutomationId": "flyout",
  "Background": null,
  "BorderBrush": "#00000000",
  "BorderThickness": "0,0,0,0",
  "Clip": null,
  "CornerRadius": "0,0,0,0",
  "FlowDirection": "LeftToRight",
  "Height": 59,
  "HorizontalAlignment": "Stretch",
  "Left": 0,
  "Margin": "0,0,0,0",
  "Top": 0,
  "VerticalAlignment": "Stretch",
  "Visibility": "Visible",
  "Width": 800,
  "XamlType": "Microsoft.ReactNative.ViewPanel",
  "children": Array [
    Object {
      "Clip": null,
      "FlowDirection": "LeftToRight",
      "Foreground": "#FF000000",
      "Height": 39,
      "HorizontalAlignment": "Stretch",
      "Left": 0,
      "Margin": "0,0,0,0",
      "Padding": "10,10,10,10",
      "Text": "Placement Options: ",
      "Top": 20,
      "VerticalAlignment": "Stretch",
      "Visibility": "Visible",
      "Width": 141,
      "XamlType": "Windows.UI.Xaml.Controls.TextBlock",
    },
    Object {
      "Background": "#B3FFFFFF",
      "BorderBrush": "Windows.UI.Xaml.Media.LinearGradientBrush",
      "BorderThickness": "1,1,1,1",
      "Clip": null,
      "CornerRadius": "4,4,4,4",
      "FlowDirection": "LeftToRight",
      "Foreground": "#FF000000",
      "Height": 35,
      "HorizontalAlignment": "Left",
      "Left": 141,
      "Margin": "0,0,0,0",
      "Padding": "12,5,0,7",
      "Text": "",
      "Top": 20,
      "VerticalAlignment": "Top",
      "Visibility": "Visible",
      "Width": 200,
      "XamlType": "ReactNativePicker.ReactPickerView",
      "children": Array [
        Object {
          "Background": null,
          "BorderBrush": null,
          "BorderThickness": "0,0,0,0",
          "Clip": null,
          "CornerRadius": "0,0,0,0",
          "FlowDirection": "LeftToRight",
          "HorizontalAlignment": "Stretch",
          "Left": 0,
          "Margin": "0,0,0,0",
          "Name": "LayoutRoot",
          "Padding": "0,0,0,0",
          "Top": 0,
          "VerticalAlignment": "Stretch",
          "Visibility": "Visible",
          "XamlType": "Windows.UI.Xaml.Controls.Grid",
          "children": Array [
            Object {
              "Background": "#B3FFFFFF",
              "BorderBrush": "#E4000000",
              "BorderThickness": "2,2,2,2",
              "Clip": null,
              "CornerRadius": "7,7,7,7",
              "FlowDirection": "LeftToRight",
              "HorizontalAlignment": "Stretch",
              "Left": 0,
              "Margin": "-4,-4,-4,-4",
              "Name": "HighlightBackground",
              "Padding": "0,0,0,0",
              "Top": 0,
              "VerticalAlignment": "Stretch",
              "Visibility": "Visible",
              "XamlType": "Windows.UI.Xaml.Controls.Border",
            },
            Object {
              "Background": "#B3FFFFFF",
              "BorderBrush": "Windows.UI.Xaml.Media.LinearGradientBrush",
              "BorderThickness": "1,1,1,1",
              "Clip": null,
              "CornerRadius": "4,4,4,4",
              "FlowDirection": "LeftToRight",
              "HorizontalAlignment": "Stretch",
              "Left": 0,
              "Margin": "0,0,0,0",
              "Name": "Background",
              "Padding": "0,0,0,0",
              "Top": 0,
              "VerticalAlignment": "Stretch",
              "Visibility": "Visible",
              "XamlType": "Windows.UI.Xaml.Controls.Border",
            },
            Object {
              "Clip": null,
              "FlowDirection": "LeftToRight",
              "Height": 16,
              "HorizontalAlignment": "Left",
              "Left": 0,
              "Margin": "1,0,0,0",
              "Name": "Pill",
              "Top": 0,
              "VerticalAlignment": "Stretch",
              "Visibility": "Visible",
              "Width": 3,
              "XamlType": "Windows.UI.Xaml.Shapes.Rectangle",
            },
            Object {
              "Background": null,
              "BorderBrush": null,
              "BorderThickness": "0,0,0,0",
              "Clip": null,
              "CornerRadius": "0,0,0,0",
              "FlowDirection": "LeftToRight",
              "Foreground": "#FF000000",
              "HorizontalAlignment": "Stretch",
              "Left": 0,
              "Margin": "12,5,0,7",
              "Name": "ContentPresenter",
              "Padding": "0,0,0,0",
              "Top": 0,
              "VerticalAlignment": "Center",
              "Visibility": "Visible",
              "XamlType": "Windows.UI.Xaml.Controls.ContentPresenter",
              "children": Array [
                Object {
                  "Clip": null,
                  "FlowDirection": "LeftToRight",
                  "Foreground": "#FF000000",
                  "HorizontalAlignment": "Left",
                  "Left": 0,
                  "Margin": "0,0,0,0",
                  "Padding": "0,0,0,0",
                  "Text": "top",
                  "Top": 0,
                  "VerticalAlignment": "Top",
                  "Visibility": "Visible",
                  "XamlType": "Windows.UI.Xaml.Controls.TextBlock",
                },
              ],
            },
            Object {
              "Clip": null,
              "FlowDirection": "LeftToRight",
              "Foreground": "#9E000000",
              "Height": 12,
              "HorizontalAlignment": "Right",
              "Left": 0,
              "Margin": "0,0,14,0",
              "Name": "DropDownGlyph",
              "Top": 0,
              "VerticalAlignment": "Center",
              "Visibility": "Visible",
              "Width": 12,
              "XamlType": "Windows.UI.Xaml.Controls.IconElement",
              "children": Array [
                Object {
                  "Background": "#00000000",
                  "BorderBrush": null,
                  "BorderThickness": "0,0,0,0",
                  "Clip": null,
                  "CornerRadius": "0,0,0,0",
                  "FlowDirection": "LeftToRight",
                  "HorizontalAlignment": "Stretch",
                  "Left": 0,
                  "Margin": "0,0,0,0",
                  "Padding": "0,0,0,0",
                  "Top": 0,
                  "VerticalAlignment": "Stretch",
                  "Visibility": "Visible",
                  "XamlType": "Windows.UI.Xaml.Controls.Grid",
                  "children": Array [],
                },
              ],
            },
            Object {
              "Background": null,
              "BorderBrush": null,
              "BorderThickness": "0,0,0,0",
              "Clip": null,
              "CornerRadius": "0,0,0,0",
              "FlowDirection": "LeftToRight",
              "Foreground": "#99000000",
              "HorizontalAlignment": "Stretch",
              "Left": 0,
              "Margin": "0,0,0,0",
              "Name": "DescriptionPresenter",
              "Padding": "0,0,0,0",
              "Top": 0,
              "VerticalAlignment": "Stretch",
              "Visibility": "Visible",
              "XamlType": "Windows.UI.Xaml.Controls.ContentPresenter",
            },
            Object {
              "Clip": null,
              "FlowDirection": "LeftToRight",
              "HorizontalAlignment": "Stretch",
              "Left": 0,
              "Margin": "0,0,0,0",
              "Name": "Popup",
              "Top": 0,
              "VerticalAlignment": "Stretch",
              "Visibility": "Visible",
              "XamlType": "Windows.UI.Xaml.Controls.Primitives.Popup",
            },
          ],
        },
      ],
    },
  ],
}
`;
