// Jest Snapshot v1, https://goo.gl/fbAQLP

exports[`elementsThatOverlapOffsets errors on non-increasing offsets 1`] = `"Cannot find module '../VirtualizeUtils' from 'src/Libraries/Lists/__tests__/VirtualizeUtils-test.js'"`;
