// Jest Snapshot v1, https://goo.gl/fbAQLP

exports[`FlatList Tests A FlatList can be filtered by a key word 1`] = `
{
  "Automation Tree": {},
  "Component Tree": {},
  "Visual Tree": {},
}
`;

exports[`FlatList Tests A FlatList can be inverted 1`] = `
{
  "Automation Tree": {},
  "Component Tree": {},
  "Visual Tree": {},
}
`;

exports[`FlatList Tests A FlatList can have a content inset 1`] = `
{
  "Automation Tree": {},
  "Component Tree": {},
  "Visual Tree": {},
}
`;

exports[`FlatList Tests A FlatList can have separators 1`] = `
{
  "Automation Tree": {},
  "Component Tree": {},
  "Visual Tree": {},
}
`;

exports[`FlatList Tests A FlatList can have sticky headers 1`] = `
{
  "Automation Tree": {},
  "Component Tree": {},
  "Visual Tree": {},
}
`;

exports[`FlatList Tests A FlatList can nest other Flatlists 1`] = `
{
  "Automation Tree": {},
  "Component Tree": {},
  "Visual Tree": {},
}
`;

exports[`FlatList Tests A FlatList has an onEndReached event 1`] = `
{
  "Automation Tree": {},
  "Component Tree": {},
  "Visual Tree": {},
}
`;

exports[`FlatList Tests A FlatList has an onStartReached event 1`] = `
{
  "Automation Tree": {},
  "Component Tree": {},
  "Visual Tree": {},
}
`;
