// Jest Snapshot v1, https://goo.gl/fbAQLP

exports[`Component Control 1`] = `<View />`;
