// Jest Snapshot v1, https://goo.gl/fbAQLP

exports[`ViewWindows renders basic view 1`] = `<View />`;
